[index.jekyllthemes.io/index.html]
[d1qmdf3vop2l07.cloudfront.net/fluttering-volcano.cloudvent.net/hash-store/c7dc39cb30449586c7bb240885a6e84c.png]
[index.jekyllthemes.io/images/favicon.png]
[backblue.gif]
[fade.gif]
[index.html]
[index.jekyllthemes.io/images/social.jpg]
[d1qmdf3vop2l07.cloudfront.net/fluttering-volcano.cloudvent.net/hash-store/877594cdfcb91528b8529ad1cadc2b28.css]
[index.jekyllthemes.io/css/style.css]
[use.fontawesome.com/releases/v5.1.1/js/solid.js]
[use.fontawesome.com/releases/v5.1.1/js/brands.js]
[use.fontawesome.com/releases/v5.1.1/js/fontawesome.js]
[index.jekyllthemes.io/about.html]
[index.jekyllthemes.io/blog/index.html]
[index.jekyllthemes.io/contact.html]
[index.jekyllthemes.io/project/triangles.html]
[index.jekyllthemes.io/project/facade.html]
[index.jekyllthemes.io/project/number-nine.html]
[index.jekyllthemes.io/project/looking-up.html]
[index.jekyllthemes.io/project/minimal.html]
[index.jekyllthemes.io/project/staircase.html]
[index.jekyllthemes.io/project/curves.html]
[index.jekyllthemes.io/project/balconies.html]
[index.jekyllthemes.io/project/modular.html]
[d1qmdf3vop2l07.cloudfront.net/fluttering-volcano.cloudvent.net/hash-store/0657af48fe27408d30b28f6df811009b.jpg]
[d1qmdf3vop2l07.cloudfront.net/fluttering-volcano.cloudvent.net/hash-store/44abf2898fe5b3f4ec76e02effb8c4de.jpg]
[d1qmdf3vop2l07.cloudfront.net/fluttering-volcano.cloudvent.net/hash-store/7817d1464dff1db81b389446525c7e65.jpg]
[d1qmdf3vop2l07.cloudfront.net/fluttering-volcano.cloudvent.net/hash-store/eea1b5262abc718e5155aa05d81766eb.jpg]
[d1qmdf3vop2l07.cloudfront.net/fluttering-volcano.cloudvent.net/hash-store/0ca387c8e26b66cd0839fbe3f48d66c1.jpg]
[d1qmdf3vop2l07.cloudfront.net/fluttering-volcano.cloudvent.net/hash-store/f698337f9488192942e81df884f6a9a3.jpg]
[d1qmdf3vop2l07.cloudfront.net/fluttering-volcano.cloudvent.net/hash-store/e957a7d3faabf93ca1b85663a9b25e4c.jpg]
[d1qmdf3vop2l07.cloudfront.net/fluttering-volcano.cloudvent.net/hash-store/c381a59f030573de1526544554d0abfc.jpg]
[d1qmdf3vop2l07.cloudfront.net/fluttering-volcano.cloudvent.net/hash-store/48a192fc73e81b11977626a2996ffc24.jpg]
[ajax.googleapis.com/ajax/libs/jquery/3.2.1/jquery.min.js]
[d1qmdf3vop2l07.cloudfront.net/fluttering-volcano.cloudvent.net/hash-store/273516dba20430694793ce56ce1c6eee.js]
[index.jekyllthemes.io/index.html]
[d1qmdf3vop2l07.cloudfront.net/fluttering-volcano.cloudvent.net/hash-store/271ef67a0b22f0622dd85aae28090dd5.js]
[d1qmdf3vop2l07.cloudfront.net/fluttering-volcano.cloudvent.net/hash-store/owl.video.play.png]
[d1qmdf3vop2l07.cloudfront.net/fluttering-volcano.cloudvent.net/hash-store/877594cdfcb91528b8529ad1cadc2b28.css]
[index.jekyllthemes.io/css/owl.video.play.png]
[index.jekyllthemes.io/css/style.css]
[index.jekyllthemes.io/blog/new-amsterdam.html]
[index.jekyllthemes.io/blog/shipping-container-art.html]
[index.jekyllthemes.io/blog/graffiti.html]
[index.jekyllthemes.io/blog/skate-trip.html]
[index.jekyllthemes.io/blog/exploring-at-night.html]
[index.jekyllthemes.io/blog/graffiti-underpass.html]
[index.jekyllthemes.io/blog/index.html]
[d1qmdf3vop2l07.cloudfront.net/fluttering-volcano.cloudvent.net/hash-store/ca84a1db40a39737c87dca8dfc13002d.jpg]
[index.jekyllthemes.io/blog/page2/index.html]
[index.jekyllthemes.io/images/demo/about.jpg]
[index.jekyllthemes.io/about.html]
[index.jekyllthemes.io/contact.html]
[index.jekyllthemes.io/images/demo/portrait-01.jpg]
[d1qmdf3vop2l07.cloudfront.net/fluttering-volcano.cloudvent.net/hash-store/493be8278f8f48cde2da8ee79953c54e.jpg]
[d1qmdf3vop2l07.cloudfront.net/fluttering-volcano.cloudvent.net/hash-store/af60423a9644c6623d4f704312d617ca.jpg]
[index.jekyllthemes.io/project/triangles.html]
[index.jekyllthemes.io/images/demo/square-01.jpg]
[index.jekyllthemes.io/project/facade.html]
[index.jekyllthemes.io/images/demo/landscape-05.jpg]
[index.jekyllthemes.io/project/number-nine.html]
[index.jekyllthemes.io/images/demo/square-02.jpg]
[index.jekyllthemes.io/project/looking-up.html]
[index.jekyllthemes.io/images/demo/portrait-03.jpg]
[index.jekyllthemes.io/project/minimal.html]
[index.jekyllthemes.io/images/demo/portrait-02.jpg]
[index.jekyllthemes.io/project/staircase.html]
[index.jekyllthemes.io/images/demo/landscape-03.jpg]
[index.jekyllthemes.io/project/curves.html]
[index.jekyllthemes.io/images/demo/square-03.jpg]
[index.jekyllthemes.io/project/balconies.html]
[index.jekyllthemes.io/images/demo/landscape-04.jpg]
[index.jekyllthemes.io/project/modular.html]
[d1qmdf3vop2l07.cloudfront.net/fluttering-volcano.cloudvent.net/hash-store/owl.video.play.html]
[index.jekyllthemes.io/css/owl.video.play.html]
[index.jekyllthemes.io/images/demo/blog-01.jpg]
[index.jekyllthemes.io/blog/new-amsterdam.html]
[d1qmdf3vop2l07.cloudfront.net/fluttering-volcano.cloudvent.net/hash-store/b3007488a832b20e24e7413fc4901eef.html]
[index.jekyllthemes.io/images/demo/blog-02.jpg]
[index.jekyllthemes.io/blog/shipping-container-art.html]
[d1qmdf3vop2l07.cloudfront.net/fluttering-volcano.cloudvent.net/hash-store/0d604e4a276ef596282a73cd64283ac7.html]
[index.jekyllthemes.io/images/demo/blog-03.jpg]
[index.jekyllthemes.io/blog/graffiti.html]
[d1qmdf3vop2l07.cloudfront.net/fluttering-volcano.cloudvent.net/hash-store/703fd77ab67125404a0b6d8879aa81c7.html]
[index.jekyllthemes.io/images/demo/blog-04.jpg]
[index.jekyllthemes.io/blog/skate-trip.html]
[d1qmdf3vop2l07.cloudfront.net/fluttering-volcano.cloudvent.net/hash-store/918a9afdc86506f48e3779916a41c6df.html]
[index.jekyllthemes.io/images/demo/blog-05.jpg]
[index.jekyllthemes.io/blog/exploring-at-night.html]
[d1qmdf3vop2l07.cloudfront.net/fluttering-volcano.cloudvent.net/hash-store/04b91c9b2367fb8d2bb24040873c67db.html]
[index.jekyllthemes.io/images/demo/blog-06.jpg]
[index.jekyllthemes.io/blog/graffiti-underpass.html]
[index.jekyllthemes.io/blog/you-are-here.html]
[d1qmdf3vop2l07.cloudfront.net/fluttering-volcano.cloudvent.net/hash-store/2ea5e6e15cb260cc676dc40bf8bcc576.jpg]
[index.jekyllthemes.io/blog/hidden-layers.html]
[d1qmdf3vop2l07.cloudfront.net/fluttering-volcano.cloudvent.net/hash-store/97041c23587202be2349f18025a97dd9.jpg]
[index.jekyllthemes.io/blog/all-you-need-is-lol.html]
[d1qmdf3vop2l07.cloudfront.net/fluttering-volcano.cloudvent.net/hash-store/182818458b18600ccb8c8002dad9cfc2.jpg]
[index.jekyllthemes.io/blog/empty-door.html]
[d1qmdf3vop2l07.cloudfront.net/fluttering-volcano.cloudvent.net/hash-store/96f840a88c7362c2f69826ac1420dda8.jpg]
[index.jekyllthemes.io/blog/underpass-at-night.html]
[index.jekyllthemes.io/blog/no-parking.html]
[d1qmdf3vop2l07.cloudfront.net/fluttering-volcano.cloudvent.net/hash-store/b27dd955537b35cbfa9af2852f846d18.jpg]
[index.jekyllthemes.io/blog/page2/index.html]
[d1qmdf3vop2l07.cloudfront.net/fluttering-volcano.cloudvent.net/hash-store/28ccd100a93b40be807691094ed6778c.html]
[index.jekyllthemes.io/blog/page3/index.html]
[index.jekyllthemes.io/images/demo/blog-07.jpg]
[index.jekyllthemes.io/blog/you-are-here.html]
[index.jekyllthemes.io/images/demo/blog-08.jpg]
[index.jekyllthemes.io/blog/hidden-layers.html]
[index.jekyllthemes.io/images/demo/blog-09.jpg]
[index.jekyllthemes.io/blog/all-you-need-is-lol.html]
[index.jekyllthemes.io/images/demo/blog-10.jpg]
[index.jekyllthemes.io/blog/empty-door.html]
[index.jekyllthemes.io/images/demo/blog-11.jpg]
[index.jekyllthemes.io/blog/underpass-at-night.html]
[d1qmdf3vop2l07.cloudfront.net/fluttering-volcano.cloudvent.net/hash-store/c26d653f5cc4bfbab0475577b718ef0b.html]
[index.jekyllthemes.io/images/demo/blog-12.jpg]
[index.jekyllthemes.io/blog/no-parking.html]
[index.jekyllthemes.io/blog/midnight-street.html]
[d1qmdf3vop2l07.cloudfront.net/fluttering-volcano.cloudvent.net/hash-store/62119c864eb4ac7e4a09123ccdcc7b77.jpg]
[index.jekyllthemes.io/blog/do-something-great.html]
[index.jekyllthemes.io/blog/bike-mural.html]
[d1qmdf3vop2l07.cloudfront.net/fluttering-volcano.cloudvent.net/hash-store/025fe26266d7b51206ecb77515ae749a.jpg]
[index.jekyllthemes.io/blog/page3/index.html]
[index.jekyllthemes.io/images/demo/blog-13.jpg]
[index.jekyllthemes.io/blog/midnight-street.html]
[index.jekyllthemes.io/images/demo/blog-14.jpg]
[index.jekyllthemes.io/blog/do-something-great.html]
[d1qmdf3vop2l07.cloudfront.net/fluttering-volcano.cloudvent.net/hash-store/19dcc12377d6233fcd6f145752c3f02c.html]
[index.jekyllthemes.io/images/demo/blog-15.jpg]
[index.jekyllthemes.io/blog/bike-mural.html]
